0 info it worked if it ends with ok
1 verbose cli [
1 verbose cli   'C:\\Program Files\\nodejs\\node.exe',
1 verbose cli   'C:\\Users\\alabarbosa\\node_modules\\npm\\bin\\npm-cli.js',
1 verbose cli   'run',
1 verbose cli   'lint:js',
1 verbose cli   '--',
1 verbose cli   '--fix'
1 verbose cli ]
2 info using npm@2.15.12
3 info using node@v20.20.0
4 verbose run-script [ 'prelint:js', 'lint:js', 'postlint:js' ]
5 info prelint:js @adobe/aem-boilerplate@1.3.0
6 info lint:js @adobe/aem-boilerplate@1.3.0
7 verbose unsafe-perm in lifecycle true
8 info @adobe/aem-boilerplate@1.3.0 Failed to exec lint:js script
9 verbose stack Error: @adobe/aem-boilerplate@1.3.0 lint:js: `eslint . "--fix"`
9 verbose stack Exit status 1
9 verbose stack     at EventEmitter.<anonymous> (C:\Users\alabarbosa\node_modules\npm\lib\utils\lifecycle.js:217:16)
9 verbose stack     at EventEmitter.emit (node:events:524:28)
9 verbose stack     at ChildProcess.<anonymous> (C:\Users\alabarbosa\node_modules\npm\lib\utils\spawn.js:24:14)
9 verbose stack     at ChildProcess.emit (node:events:524:28)
9 verbose stack     at maybeClose (node:internal/child_process:1104:16)
9 verbose stack     at ChildProcess._handle.onexit (node:internal/child_process:304:5)
10 verbose pkgid @adobe/aem-boilerplate@1.3.0
11 verbose cwd C:\Users\alabarbosa\OneDrive - Deloitte (O365D)\Documents\estudos\AEM\testes-em-AEM
12 error Windows_NT 10.0.26200
13 error argv "C:\\Program Files\\nodejs\\node.exe" "C:\\Users\\alabarbosa\\node_modules\\npm\\bin\\npm-cli.js" "run" "lint:js" "--" "--fix"
14 error node v20.20.0
15 error npm  v2.15.12
16 error code ELIFECYCLE
17 error @adobe/aem-boilerplate@1.3.0 lint:js: `eslint . "--fix"`
17 error Exit status 1
18 error Failed at the @adobe/aem-boilerplate@1.3.0 lint:js script 'eslint . "--fix"'.
18 error This is most likely a problem with the @adobe/aem-boilerplate package,
18 error not with npm itself.
18 error Tell the author that this fails on your system:
18 error     eslint . "--fix"
18 error You can get information on how to open an issue for this project with:
18 error     npm bugs @adobe/aem-boilerplate
18 error Or if that isn't available, you can get their info via:
18 error
18 error     npm owner ls @adobe/aem-boilerplate
18 error There is likely additional logging output above.
19 verbose exit [ 1, true ]
